// Jest Snapshot v1, https://goo.gl/fbAQLP

exports[`StatsCard Component スナップショット 1`] = `
<div
  class="card"
>
  <div
    class="flex items-center"
  >
    <div
      class="flex-1"
    >
      <p
        class="text-sm font-medium text-gray-600"
      >
        テスト統計
      </p>
      <p
        class="text-2xl font-bold text-gray-900"
      >
        1,234
      </p>
    </div>
    <div
      class="w-12 h-12 bg-blue-500 rounded-lg flex items-center justify-center"
    >
      <svg
        class="lucide lucide-package h-6 w-6 text-white"
        fill="none"
        height="24"
        stroke="currentColor"
        stroke-linecap="round"
        stroke-linejoin="round"
        stroke-width="2"
        viewBox="0 0 24 24"
        width="24"
        xmlns="http://www.w3.org/2000/svg"
      >
        <path
          d="m7.5 4.27 9 5.15"
        />
        <path
          d="M21 8a2 2 0 0 0-1-1.73l-7-4a2 2 0 0 0-2 0l-7 4A2 2 0 0 0 3 8v8a2 2 0 0 0 1 1.73l7 4a2 2 0 0 0 2 0l7-4A2 2 0 0 0 21 16Z"
        />
        <path
          d="m3.3 7 8.7 5 8.7-5"
        />
        <path
          d="M12 22V12"
        />
      </svg>
    </div>
  </div>
</div>
`;
